// Jest Snapshot v1, https://goo.gl/fbAQLP

exports[`Render MovieCardSmall Render MovieCardSmall 1`] = `
<article
  className="small-movie-card catalog__movies-card"
  id={1}
  onClick={[Function]}
  onMouseOut={[Function]}
  onMouseOver={[Function]}
>
  <div
    className="small-movie-card__image"
  >
    <video
      className="video-player"
      height="175"
      muted="muted"
      poster="img/bohemian-rhapsody.jpg"
      width="280"
    />
  </div>
  <h3
    className="small-movie-card__title"
  >
    <a
      className="small-movie-card__link"
      href="movie-page.html"
    >
      Bohemian Rhapsody
    </a>
  </h3>
</article>
`;
