// Jest Snapshot v1, https://goo.gl/fbAQLP

exports[`RenderMoviesList RenderMoviesList 1`] = `
Array [
  <div
    className="catalog__movies-list"
  >
    <article
      className="small-movie-card catalog__movies-card"
      id={1}
      onClick={[Function]}
      onMouseOut={[Function]}
      onMouseOver={[Function]}
    >
      <div
        className="small-movie-card__image"
      >
        <video
          className="video-player"
          height="175"
          muted="muted"
          poster="img/bohemian-rhapsody.jpg"
          width="280"
        />
      </div>
      <h3
        className="small-movie-card__title"
      >
        <a
          className="small-movie-card__link"
          href="movie-page.html"
        >
          Bohemian Rhapsody
        </a>
      </h3>
    </article>
    <article
      className="small-movie-card catalog__movies-card"
      id={2}
      onClick={[Function]}
      onMouseOut={[Function]}
      onMouseOver={[Function]}
    >
      <div
        className="small-movie-card__image"
      >
        <video
          className="video-player"
          height="175"
          muted="muted"
          poster="img/johnny-english.jpg"
          width="280"
        />
      </div>
      <h3
        className="small-movie-card__title"
      >
        <a
          className="small-movie-card__link"
          href="movie-page.html"
        >
          Johnny-english
        </a>
      </h3>
    </article>
    <article
      className="small-movie-card catalog__movies-card"
      id={3}
      onClick={[Function]}
      onMouseOut={[Function]}
      onMouseOver={[Function]}
    >
      <div
        className="small-movie-card__image"
      >
        <video
          className="video-player"
          height="175"
          muted="muted"
          poster="img/macbeth.jpg"
          width="280"
        />
      </div>
      <h3
        className="small-movie-card__title"
      >
        <a
          className="small-movie-card__link"
          href="movie-page.html"
        >
          Macbeth
        </a>
      </h3>
    </article>
    <article
      className="small-movie-card catalog__movies-card"
      id={4}
      onClick={[Function]}
      onMouseOut={[Function]}
      onMouseOver={[Function]}
    >
      <div
        className="small-movie-card__image"
      >
        <video
          className="video-player"
          height="175"
          muted="muted"
          poster="img/no-country-for-old-men.jpg"
          width="280"
        />
      </div>
      <h3
        className="small-movie-card__title"
      >
        <a
          className="small-movie-card__link"
          href="movie-page.html"
        >
          No Country for Old Men
        </a>
      </h3>
    </article>
  </div>,
  "",
]
`;
