// Jest Snapshot v1, https://goo.gl/fbAQLP

exports[`Should render GenresList correctly Should render correctly 1`] = `
<ul
  className="catalog__genres-list"
>
  <li
    className="catalog__genres-item catalog__genres-item--active"
  >
    <a
      className="catalog__genres-link"
      href="#"
      onClick={[Function]}
    >
      All genres
    </a>
  </li>
  <li
    className="catalog__genres-item "
  >
    <a
      className="catalog__genres-link"
      href="#"
      onClick={[Function]}
    >
      Documentary
    </a>
  </li>
  <li
    className="catalog__genres-item "
  >
    <a
      className="catalog__genres-link"
      href="#"
      onClick={[Function]}
    >
      Comedy
    </a>
  </li>
  <li
    className="catalog__genres-item "
  >
    <a
      className="catalog__genres-link"
      href="#"
      onClick={[Function]}
    >
      Drame
    </a>
  </li>
  <li
    className="catalog__genres-item "
  >
    <a
      className="catalog__genres-link"
      href="#"
      onClick={[Function]}
    >
      Thrillers
    </a>
  </li>
  <li
    className="catalog__genres-item "
  >
    <a
      className="catalog__genres-link"
      href="#"
      onClick={[Function]}
    >
      Sci-fi
    </a>
  </li>
  <li
    className="catalog__genres-item "
  >
    <a
      className="catalog__genres-link"
      href="#"
      onClick={[Function]}
    >
      Romance
    </a>
  </li>
  <li
    className="catalog__genres-item "
  >
    <a
      className="catalog__genres-link"
      href="#"
      onClick={[Function]}
    >
      Crime
    </a>
  </li>
</ul>
`;
