// Jest Snapshot v1, https://goo.gl/fbAQLP

exports[`Render App Render App 1`] = `
Array [
  <section
    className="movie-card"
  >
    <div
      className="movie-card__bg"
    >
      <img
        alt="The Grand Budapest Hotel"
        src="img/bg-the-grand-budapest-hotel.jpg"
      />
    </div>
    <h1
      className="visually-hidden"
    >
      WTW
    </h1>
    <header
      className="page-header movie-card__head"
    >
      <div
        className="logo"
      >
        <a
          className="logo__link"
        >
          <span
            className="logo__letter logo__letter--1"
          >
            W
          </span>
          <span
            className="logo__letter logo__letter--2"
          >
            T
          </span>
          <span
            className="logo__letter logo__letter--3"
          >
            W
          </span>
        </a>
      </div>
      <div
        className="user-block"
      >
        <div
          className="user-block__avatar"
        >
          <img
            alt="User avatar"
            height="63"
            src="img/avatar.jpg"
            width="63"
          />
        </div>
      </div>
    </header>
    <div
      className="movie-card__wrap"
    >
      <div
        className="movie-card__info"
      >
        <div
          className="movie-card__poster"
        >
          <img
            alt="The Grand Budapest Hotel poster"
            height="327"
            src="img/the-grand-budapest-hotel-poster.jpg"
            width="218"
          />
        </div>
        <div
          className="movie-card__desc"
        >
          <h2
            className="movie-card__title"
          >
            The Grand Budapest Hotel
          </h2>
          <p
            className="movie-card__meta"
          >
            <span
              className="movie-card__genre"
            >
              Drame
            </span>
            <span
              className="movie-card__year"
            >
              2014
            </span>
          </p>
          <div
            className="movie-card__buttons"
          >
            <button
              className="btn btn--play movie-card__button"
              onClick={[Function]}
              type="button"
            >
              <svg
                height="19"
                viewBox="0 0 19 19"
                width="19"
              >
                <use
                  xlinkHref="#play-s"
                />
              </svg>
              <span>
                Play
              </span>
            </button>
            <button
              className="btn btn--list movie-card__button"
              type="button"
            >
              <svg
                height="20"
                viewBox="0 0 19 20"
                width="19"
              >
                <use
                  xlinkHref="#add"
                />
              </svg>
              <span>
                My list
              </span>
            </button>
          </div>
        </div>
      </div>
    </div>
  </section>,
  <div
    className="page-content"
  >
    <section
      className="catalog"
    >
      <h2
        className="catalog__title visually-hidden"
      >
        Catalog
      </h2>
      <ul
        className="catalog__genres-list"
      >
        <li
          className="catalog__genres-item catalog__genres-item--active"
        >
          <a
            className="catalog__genres-link"
            href="#"
            onClick={[Function]}
          >
            All genres
          </a>
        </li>
        <li
          className="catalog__genres-item "
        >
          <a
            className="catalog__genres-link"
            href="#"
            onClick={[Function]}
          >
            Documentary
          </a>
        </li>
        <li
          className="catalog__genres-item "
        >
          <a
            className="catalog__genres-link"
            href="#"
            onClick={[Function]}
          >
            Comedy
          </a>
        </li>
        <li
          className="catalog__genres-item "
        >
          <a
            className="catalog__genres-link"
            href="#"
            onClick={[Function]}
          >
            Drame
          </a>
        </li>
        <li
          className="catalog__genres-item "
        >
          <a
            className="catalog__genres-link"
            href="#"
            onClick={[Function]}
          >
            Thrillers
          </a>
        </li>
        <li
          className="catalog__genres-item "
        >
          <a
            className="catalog__genres-link"
            href="#"
            onClick={[Function]}
          >
            Sci-fi
          </a>
        </li>
        <li
          className="catalog__genres-item "
        >
          <a
            className="catalog__genres-link"
            href="#"
            onClick={[Function]}
          >
            Romance
          </a>
        </li>
        <li
          className="catalog__genres-item "
        >
          <a
            className="catalog__genres-link"
            href="#"
            onClick={[Function]}
          >
            Crime
          </a>
        </li>
      </ul>
      <div
        className="catalog__movies-list"
      >
        <article
          className="small-movie-card catalog__movies-card"
          id={1}
          onClick={[Function]}
          onMouseOut={[Function]}
          onMouseOver={[Function]}
        >
          <div
            className="small-movie-card__image"
          >
            <video
              className="video-player"
              height="175"
              muted="muted"
              poster="img/bohemian-rhapsody.jpg"
              width="280"
            />
          </div>
          <h3
            className="small-movie-card__title"
          >
            <a
              className="small-movie-card__link"
              href="movie-page.html"
            >
              Bohemian Rhapsody
            </a>
          </h3>
        </article>
        <article
          className="small-movie-card catalog__movies-card"
          id={2}
          onClick={[Function]}
          onMouseOut={[Function]}
          onMouseOver={[Function]}
        >
          <div
            className="small-movie-card__image"
          >
            <video
              className="video-player"
              height="175"
              muted="muted"
              poster="img/johnny-english.jpg"
              width="280"
            />
          </div>
          <h3
            className="small-movie-card__title"
          >
            <a
              className="small-movie-card__link"
              href="movie-page.html"
            >
              Johnny-english
            </a>
          </h3>
        </article>
        <article
          className="small-movie-card catalog__movies-card"
          id={3}
          onClick={[Function]}
          onMouseOut={[Function]}
          onMouseOver={[Function]}
        >
          <div
            className="small-movie-card__image"
          >
            <video
              className="video-player"
              height="175"
              muted="muted"
              poster="img/macbeth.jpg"
              width="280"
            />
          </div>
          <h3
            className="small-movie-card__title"
          >
            <a
              className="small-movie-card__link"
              href="movie-page.html"
            >
              Macbeth
            </a>
          </h3>
        </article>
        <article
          className="small-movie-card catalog__movies-card"
          id={4}
          onClick={[Function]}
          onMouseOut={[Function]}
          onMouseOver={[Function]}
        >
          <div
            className="small-movie-card__image"
          >
            <video
              className="video-player"
              height="175"
              muted="muted"
              poster="img/no-country-for-old-men.jpg"
              width="280"
            />
          </div>
          <h3
            className="small-movie-card__title"
          >
            <a
              className="small-movie-card__link"
              href="movie-page.html"
            >
              No Country for Old Men
            </a>
          </h3>
        </article>
        <article
          className="small-movie-card catalog__movies-card"
          id={5}
          onClick={[Function]}
          onMouseOut={[Function]}
          onMouseOver={[Function]}
        >
          <div
            className="small-movie-card__image"
          >
            <video
              className="video-player"
              height="175"
              muted="muted"
              poster="img/seven-years-in-tibet.jpg"
              width="280"
            />
          </div>
          <h3
            className="small-movie-card__title"
          >
            <a
              className="small-movie-card__link"
              href="movie-page.html"
            >
              Seven Years in Tibet
            </a>
          </h3>
        </article>
        <article
          className="small-movie-card catalog__movies-card"
          id={6}
          onClick={[Function]}
          onMouseOut={[Function]}
          onMouseOver={[Function]}
        >
          <div
            className="small-movie-card__image"
          >
            <video
              className="video-player"
              height="175"
              muted="muted"
              poster="img/war-of-the-worlds.jpg"
              width="280"
            />
          </div>
          <h3
            className="small-movie-card__title"
          >
            <a
              className="small-movie-card__link"
              href="movie-page.html"
            >
              War of the Worlds
            </a>
          </h3>
        </article>
        <article
          className="small-movie-card catalog__movies-card"
          id={7}
          onClick={[Function]}
          onMouseOut={[Function]}
          onMouseOver={[Function]}
        >
          <div
            className="small-movie-card__image"
          >
            <video
              className="video-player"
              height="175"
              muted="muted"
              poster="img/orlando.jpg"
              width="280"
            />
          </div>
          <h3
            className="small-movie-card__title"
          >
            <a
              className="small-movie-card__link"
              href="movie-page.html"
            >
              Orlando
            </a>
          </h3>
        </article>
        <article
          className="small-movie-card catalog__movies-card"
          id={8}
          onClick={[Function]}
          onMouseOut={[Function]}
          onMouseOver={[Function]}
        >
          <div
            className="small-movie-card__image"
          >
            <video
              className="video-player"
              height="175"
              muted="muted"
              poster="img/snatch.jpg"
              width="280"
            />
          </div>
          <h3
            className="small-movie-card__title"
          >
            <a
              className="small-movie-card__link"
              href="movie-page.html"
            >
              Snatch
            </a>
          </h3>
        </article>
      </div>
      <div
        className="catalog__more"
      >
        <button
          className="catalog__button"
          onClick={[Function]}
          type="button"
        >
          Show more
        </button>
      </div>
    </section>
    <footer
      className="page-footer"
    >
      <div
        className="logo"
      >
        <a
          className="logo__link logo__link--light"
        >
          <span
            className="logo__letter logo__letter--1"
          >
            W
          </span>
          <span
            className="logo__letter logo__letter--2"
          >
            T
          </span>
          <span
            className="logo__letter logo__letter--3"
          >
            W
          </span>
        </a>
      </div>
      <div
        className="copyright"
      >
        <p>
          © 2019 What to watch Ltd.
        </p>
      </div>
    </footer>
  </div>,
]
`;
